// Jest Snapshot v1, https://goo.gl/fbAQLP

exports[`initial render app 1`] = `ShallowWrapper {}`;
