// Jest Snapshot v1, https://goo.gl/fbAQLP

exports[`student initial render app 1`] = `ShallowWrapper {}`;

exports[`teacher initial render app 1`] = `ShallowWrapper {}`;

exports[`teacther initial render app 1`] = `ShallowWrapper {}`;
